============================= test session starts =============================
platform win32 -- Python 3.12.10, pytest-9.0.2, pluggy-1.6.0 -- C:\Users\USUARIO\AppData\Local\Programs\Python\Python312\python.exe
cachedir: .pytest_cache
rootdir: C:\Users\USUARIO\Documents\Forecaster\Mi_Bunuelito
configfile: pytest.ini
plugins: anyio-4.12.0
collecting ... collected 5 items

tests/integration/test_orchestrator.py::test_orchestrator_phase_routing PASSED [ 20%]
tests/integration/test_orchestrator.py::test_orchestrator_phase_eda PASSED [ 40%]
tests/integration/test_orchestrator.py::test_orchestrator_phase_features PASSED [ 60%]
tests/integration/test_orchestrator.py::test_orchestrator_invalid_phase PASSED [ 80%]
tests/integration/test_orchestrator.py::test_orchestrator_modes FAILED   [100%]

================================== FAILURES ===================================
___________________________ test_orchestrator_modes ___________________________

args_list = ['--mode', 'train', '--phase', 'features']

    def main(args_list=None):
        parser = argparse.ArgumentParser(description="Mi Bu±uelito Forecasting Orchestrator")
        parser.add_argument("--phase", type=str, required=False, default=None,
                            choices=["discovery", "financial_audit", "preprocessing", "eda", "features", "modeling", "inference"],
                            help="Execution phase to run (if omitted, runs all phases for the selected mode)")
        parser.add_argument("--mode", "-m", type=str, required=False, default="train",
                            choices=["train", "forecast"],
                            help="Execution mode: 'train' (full development) or 'forecast' (production inference). Default: 'train'")
    
        args = parser.parse_args(args_list)
        config = load_config()
        setup_logging()
    
        logger = logging.getLogger("Orchestrator")
        logger.info(f"\U0001f6e0\ufe0f Modo de ejecuci\\u00f3n: {args.mode.upper()}")
    
        # Define phases to run
        if args.phase:
            phases_to_run = [args.phase]
            logger.info(f"\U0001f680 Iniciando fase individual: {args.phase}")
        else:
            if args.mode == "train":
                phases_to_run = ["discovery", "financial_audit", "preprocessing", "eda", "features", "modeling"] # Se a\u00f1adir\u00e1n 'features' y 'modeling'
            else: # forecast mode
                phases_to_run = ["discovery", "preprocessing", "features", "inference"] # Se a\u00f1adir\u00e1 'features' antes de 'inference'
    
            logger.info(f"\U0001f680 Iniciando Pipeline ({args.mode}): {', '.join(phases_to_run)}")
    
        base_reports_path = config["general"]["paths"]["reports"]
    
        try:
            for phase in phases_to_run:
                if phase == "discovery":
                    _run_discovery(config, base_reports_path, logger)
    
                elif phase == "financial_audit":
                    _run_financial_audit(config, base_reports_path, logger)
    
                elif phase == "preprocessing":
                    _run_preprocessing(config, base_reports_path, logger)
    
                elif phase == "eda":
                    _run_eda(config, base_reports_path, logger)
    
                elif phase == "features":
>                   _run_features(config, base_reports_path, logger)

main.py:59: 
_ _ _ _ _ _ _ _ _ _ _ _ _ _ _ _ _ _ _ _ _ _ _ _ _ _ _ _ _ _ _ _ _ _ _ _ _ _ _ _

config = {'business_rules': {'redes_sociales': {'investment_sum': {'components': ['inversion_facebook', 'inversion_instagram'],...trm_promedio', 'tasa_desempleo', 'costo_insumos_index'], 'method': 'recursive_moving_average', 'window_size': 2}}, ...}
base_reports_path = 'C:\\Users\\USUARIO\\AppData\\Local\\Temp\\pytest-of-USUARIO\\pytest-290\\test_orchestrator_modes0\\outputs\\reports'
logger = <Logger Orchestrator (WARNING)>

    def _run_features(config, base_reports_path, logger):
        logger.info("--- Ejecutando Fase: FEATURES ---")
    
        # 1. Cargar Master Cleansed
        cleansed_path = os.path.join(config["general"]["paths"]["cleansed"], "master_cleansed.parquet")
        if not os.path.exists(cleansed_path):
>           raise FileNotFoundError(f"No se encontr¾ el archivo maestro en {cleansed_path}. Ejecuta la fase de preprocesamiento primero.")
E           FileNotFoundError: No se encontr¾ el archivo maestro en C:\Users\USUARIO\AppData\Local\Temp\pytest-of-USUARIO\pytest-290\test_orchestrator_modes0\data\02_cleansed\master_cleansed.parquet. Ejecuta la fase de preprocesamiento primero.

main.py:147: FileNotFoundError

During handling of the above exception, another exception occurred:

integration_config = {'business_rules': {'redes_sociales': {'investment_sum': {'components': ['inversion_facebook', 'inversion_instagram'],...trm_promedio', 'tasa_desempleo', 'costo_insumos_index'], 'method': 'recursive_moving_average', 'window_size': 2}}, ...}

    def test_orchestrator_modes(integration_config):
        """
        Verifica que el orquestador acepta los modos train y forecast.
        """
        # Probar modo train (explÝcito)
        test_args = ["--mode", "train", "--phase", "features"]
        with patch("main.load_config", return_value=integration_config), \
             patch("main.setup_logging"):
>           main(test_args) # No deberÝa fallar
            ^^^^^^^^^^^^^^^

tests\integration\test_orchestrator.py:113: 
_ _ _ _ _ _ _ _ _ _ _ _ _ _ _ _ _ _ _ _ _ _ _ _ _ _ _ _ _ _ _ _ _ _ _ _ _ _ _ _

args_list = ['--mode', 'train', '--phase', 'features']

    def main(args_list=None):
        parser = argparse.ArgumentParser(description="Mi Bu±uelito Forecasting Orchestrator")
        parser.add_argument("--phase", type=str, required=False, default=None,
                            choices=["discovery", "financial_audit", "preprocessing", "eda", "features", "modeling", "inference"],
                            help="Execution phase to run (if omitted, runs all phases for the selected mode)")
        parser.add_argument("--mode", "-m", type=str, required=False, default="train",
                            choices=["train", "forecast"],
                            help="Execution mode: 'train' (full development) or 'forecast' (production inference). Default: 'train'")
    
        args = parser.parse_args(args_list)
        config = load_config()
        setup_logging()
    
        logger = logging.getLogger("Orchestrator")
        logger.info(f"\U0001f6e0\ufe0f Modo de ejecuci\\u00f3n: {args.mode.upper()}")
    
        # Define phases to run
        if args.phase:
            phases_to_run = [args.phase]
            logger.info(f"\U0001f680 Iniciando fase individual: {args.phase}")
        else:
            if args.mode == "train":
                phases_to_run = ["discovery", "financial_audit", "preprocessing", "eda", "features", "modeling"] # Se a\u00f1adir\u00e1n 'features' y 'modeling'
            else: # forecast mode
                phases_to_run = ["discovery", "preprocessing", "features", "inference"] # Se a\u00f1adir\u00e1 'features' antes de 'inference'
    
            logger.info(f"\U0001f680 Iniciando Pipeline ({args.mode}): {', '.join(phases_to_run)}")
    
        base_reports_path = config["general"]["paths"]["reports"]
    
        try:
            for phase in phases_to_run:
                if phase == "discovery":
                    _run_discovery(config, base_reports_path, logger)
    
                elif phase == "financial_audit":
                    _run_financial_audit(config, base_reports_path, logger)
    
                elif phase == "preprocessing":
                    _run_preprocessing(config, base_reports_path, logger)
    
                elif phase == "eda":
                    _run_eda(config, base_reports_path, logger)
    
                elif phase == "features":
                    _run_features(config, base_reports_path, logger)
    
                elif phase == "modeling":
                    _run_modeling(config, base_reports_path, logger)
    
                elif phase == "inference":
                    _run_inference(config, base_reports_path, logger)
    
                else:
                    logger.warning(f"\u26a0\ufe0f La fase '{phase}' no tiene un ejecutor asignado en el orquestador.")
    
        except Exception as e:
            logger.error(f"\u274c Error cr\xedtico en la ejecuci\xf3n: {str(e)}")
>           sys.exit(1)
E           SystemExit: 1

main.py:72: SystemExit
------------------------------ Captured log call ------------------------------
ERROR    Orchestrator:main.py:71 \u274c Error cr\xedtico en la ejecuci\xf3n: No se encontr\xf3 el archivo maestro en C:\\Users\\USUARIO\\AppData\\Local\\Temp\\pytest-of-USUARIO\\pytest-290\\test_orchestrator_modes0\\data\\02_cleansed\\master_cleansed.parquet. Ejecuta la fase de preprocesamiento primero.
============================== warnings summary ===============================
..\..\..\AppData\Local\Programs\Python\Python312\Lib\site-packages\storage3\types.py:20
  C:\Users\USUARIO\AppData\Local\Programs\Python\Python312\Lib\site-packages\storage3\types.py:20: PydanticDeprecatedSince20: `pydantic.config.Extra` is deprecated, use literal values instead (e.g. `extra='allow'`). Deprecated in Pydantic V2.0 to be removed in V3.0. See Pydantic V2 Migration Guide at https://errors.pydantic.dev/2.12/migration/
    class BaseBucket(BaseModel, extra=Extra.ignore):

..\..\..\AppData\Local\Programs\Python\Python312\Lib\site-packages\storage3\types.py:130
  C:\Users\USUARIO\AppData\Local\Programs\Python\Python312\Lib\site-packages\storage3\types.py:130: PydanticDeprecatedSince20: `pydantic.config.Extra` is deprecated, use literal values instead (e.g. `extra='allow'`). Deprecated in Pydantic V2.0 to be removed in V3.0. See Pydantic V2 Migration Guide at https://errors.pydantic.dev/2.12/migration/
    class SignedUrlJsonResponse(BaseModel, extra=Extra.ignore):

..\..\..\AppData\Local\Programs\Python\Python312\Lib\site-packages\storage3\types.py:134
  C:\Users\USUARIO\AppData\Local\Programs\Python\Python312\Lib\site-packages\storage3\types.py:134: PydanticDeprecatedSince20: `pydantic.config.Extra` is deprecated, use literal values instead (e.g. `extra='allow'`). Deprecated in Pydantic V2.0 to be removed in V3.0. See Pydantic V2 Migration Guide at https://errors.pydantic.dev/2.12/migration/
    class SignedUrlsJsonItem(BaseModel, extra=Extra.ignore):

..\..\..\AppData\Local\Programs\Python\Python312\Lib\site-packages\storage3\types.py:143
  C:\Users\USUARIO\AppData\Local\Programs\Python\Python312\Lib\site-packages\storage3\types.py:143: PydanticDeprecatedSince20: `pydantic.config.Extra` is deprecated, use literal values instead (e.g. `extra='allow'`). Deprecated in Pydantic V2.0 to be removed in V3.0. See Pydantic V2 Migration Guide at https://errors.pydantic.dev/2.12/migration/
    class CreateSignedUploadUrlOptions(BaseModel, extra=Extra.ignore):

..\..\..\AppData\Local\Programs\Python\Python312\Lib\site-packages\storage3\types.py:161
  C:\Users\USUARIO\AppData\Local\Programs\Python\Python312\Lib\site-packages\storage3\types.py:161: PydanticDeprecatedSince20: `pydantic.config.Extra` is deprecated, use literal values instead (e.g. `extra='allow'`). Deprecated in Pydantic V2.0 to be removed in V3.0. See Pydantic V2 Migration Guide at https://errors.pydantic.dev/2.12/migration/
    class MetadataConfiguration(BaseModel, extra=Extra.ignore):

..\..\..\AppData\Local\Programs\Python\Python312\Lib\site-packages\storage3\types.py:167
  C:\Users\USUARIO\AppData\Local\Programs\Python\Python312\Lib\site-packages\storage3\types.py:167: PydanticDeprecatedSince20: `pydantic.config.Extra` is deprecated, use literal values instead (e.g. `extra='allow'`). Deprecated in Pydantic V2.0 to be removed in V3.0. See Pydantic V2 Migration Guide at https://errors.pydantic.dev/2.12/migration/
    class ListIndexesOptions(BaseModel, extra=Extra.ignore):

..\..\..\AppData\Local\Programs\Python\Python312\Lib\site-packages\storage3\types.py:173
  C:\Users\USUARIO\AppData\Local\Programs\Python\Python312\Lib\site-packages\storage3\types.py:173: PydanticDeprecatedSince20: `pydantic.config.Extra` is deprecated, use literal values instead (e.g. `extra='allow'`). Deprecated in Pydantic V2.0 to be removed in V3.0. See Pydantic V2 Migration Guide at https://errors.pydantic.dev/2.12/migration/
    class ListIndexesResponseItem(BaseModel, extra=Extra.ignore):

..\..\..\AppData\Local\Programs\Python\Python312\Lib\site-packages\storage3\types.py:177
  C:\Users\USUARIO\AppData\Local\Programs\Python\Python312\Lib\site-packages\storage3\types.py:177: PydanticDeprecatedSince20: `pydantic.config.Extra` is deprecated, use literal values instead (e.g. `extra='allow'`). Deprecated in Pydantic V2.0 to be removed in V3.0. See Pydantic V2 Migration Guide at https://errors.pydantic.dev/2.12/migration/
    class ListVectorIndexesResponse(BaseModel, extra=Extra.ignore):

..\..\..\AppData\Local\Programs\Python\Python312\Lib\site-packages\storage3\types.py:182
  C:\Users\USUARIO\AppData\Local\Programs\Python\Python312\Lib\site-packages\storage3\types.py:182: PydanticDeprecatedSince20: `pydantic.config.Extra` is deprecated, use literal values instead (e.g. `extra='allow'`). Deprecated in Pydantic V2.0 to be removed in V3.0. See Pydantic V2 Migration Guide at https://errors.pydantic.dev/2.12/migration/
    class VectorIndex(BaseModel, extra=Extra.ignore):

..\..\..\AppData\Local\Programs\Python\Python312\Lib\site-packages\storage3\types.py:194
  C:\Users\USUARIO\AppData\Local\Programs\Python\Python312\Lib\site-packages\storage3\types.py:194: PydanticDeprecatedSince20: `pydantic.config.Extra` is deprecated, use literal values instead (e.g. `extra='allow'`). Deprecated in Pydantic V2.0 to be removed in V3.0. See Pydantic V2 Migration Guide at https://errors.pydantic.dev/2.12/migration/
    class GetVectorIndexResponse(BaseModel, extra=Extra.ignore):

..\..\..\AppData\Local\Programs\Python\Python312\Lib\site-packages\storage3\types.py:201
  C:\Users\USUARIO\AppData\Local\Programs\Python\Python312\Lib\site-packages\storage3\types.py:201: PydanticDeprecatedSince20: `pydantic.config.Extra` is deprecated, use literal values instead (e.g. `extra='allow'`). Deprecated in Pydantic V2.0 to be removed in V3.0. See Pydantic V2 Migration Guide at https://errors.pydantic.dev/2.12/migration/
    class VectorData(BaseModel, extra=Extra.ignore):

..\..\..\AppData\Local\Programs\Python\Python312\Lib\site-packages\storage3\types.py:205
  C:\Users\USUARIO\AppData\Local\Programs\Python\Python312\Lib\site-packages\storage3\types.py:205: PydanticDeprecatedSince20: `pydantic.config.Extra` is deprecated, use literal values instead (e.g. `extra='allow'`). Deprecated in Pydantic V2.0 to be removed in V3.0. See Pydantic V2 Migration Guide at https://errors.pydantic.dev/2.12/migration/
    class VectorObject(BaseModel, extra=Extra.ignore):

..\..\..\AppData\Local\Programs\Python\Python312\Lib\site-packages\storage3\types.py:211
  C:\Users\USUARIO\AppData\Local\Programs\Python\Python312\Lib\site-packages\storage3\types.py:211: PydanticDeprecatedSince20: `pydantic.config.Extra` is deprecated, use literal values instead (e.g. `extra='allow'`). Deprecated in Pydantic V2.0 to be removed in V3.0. See Pydantic V2 Migration Guide at https://errors.pydantic.dev/2.12/migration/
    class VectorMatch(BaseModel, extra=Extra.ignore):

..\..\..\AppData\Local\Programs\Python\Python312\Lib\site-packages\storage3\types.py:218
  C:\Users\USUARIO\AppData\Local\Programs\Python\Python312\Lib\site-packages\storage3\types.py:218: PydanticDeprecatedSince20: `pydantic.config.Extra` is deprecated, use literal values instead (e.g. `extra='allow'`). Deprecated in Pydantic V2.0 to be removed in V3.0. See Pydantic V2 Migration Guide at https://errors.pydantic.dev/2.12/migration/
    class GetVectorsResponse(BaseModel, extra=Extra.ignore):

..\..\..\AppData\Local\Programs\Python\Python312\Lib\site-packages\storage3\types.py:222
  C:\Users\USUARIO\AppData\Local\Programs\Python\Python312\Lib\site-packages\storage3\types.py:222: PydanticDeprecatedSince20: `pydantic.config.Extra` is deprecated, use literal values instead (e.g. `extra='allow'`). Deprecated in Pydantic V2.0 to be removed in V3.0. See Pydantic V2 Migration Guide at https://errors.pydantic.dev/2.12/migration/
    class ListVectorsResponse(BaseModel, extra=Extra.ignore):

..\..\..\AppData\Local\Programs\Python\Python312\Lib\site-packages\storage3\types.py:227
  C:\Users\USUARIO\AppData\Local\Programs\Python\Python312\Lib\site-packages\storage3\types.py:227: PydanticDeprecatedSince20: `pydantic.config.Extra` is deprecated, use literal values instead (e.g. `extra='allow'`). Deprecated in Pydantic V2.0 to be removed in V3.0. See Pydantic V2 Migration Guide at https://errors.pydantic.dev/2.12/migration/
    class QueryVectorsResponse(BaseModel, extra=Extra.ignore):

..\..\..\AppData\Local\Programs\Python\Python312\Lib\site-packages\storage3\types.py:231
  C:\Users\USUARIO\AppData\Local\Programs\Python\Python312\Lib\site-packages\storage3\types.py:231: PydanticDeprecatedSince20: `pydantic.config.Extra` is deprecated, use literal values instead (e.g. `extra='allow'`). Deprecated in Pydantic V2.0 to be removed in V3.0. See Pydantic V2 Migration Guide at https://errors.pydantic.dev/2.12/migration/
    class AnalyticsBucket(BaseModel, extra=Extra.ignore):

..\..\..\AppData\Local\Programs\Python\Python312\Lib\site-packages\storage3\types.py:245
  C:\Users\USUARIO\AppData\Local\Programs\Python\Python312\Lib\site-packages\storage3\types.py:245: PydanticDeprecatedSince20: `pydantic.config.Extra` is deprecated, use literal values instead (e.g. `extra='allow'`). Deprecated in Pydantic V2.0 to be removed in V3.0. See Pydantic V2 Migration Guide at https://errors.pydantic.dev/2.12/migration/
    class AnalyticsBucketDeleteResponse(BaseModel, extra=Extra.ignore):

..\..\..\AppData\Local\Programs\Python\Python312\Lib\site-packages\storage3\types.py:249
  C:\Users\USUARIO\AppData\Local\Programs\Python\Python312\Lib\site-packages\storage3\types.py:249: PydanticDeprecatedSince20: `pydantic.config.Extra` is deprecated, use literal values instead (e.g. `extra='allow'`). Deprecated in Pydantic V2.0 to be removed in V3.0. See Pydantic V2 Migration Guide at https://errors.pydantic.dev/2.12/migration/
    class VectorBucketEncryptionConfiguration(BaseModel, extra=Extra.ignore):

..\..\..\AppData\Local\Programs\Python\Python312\Lib\site-packages\storage3\types.py:254
  C:\Users\USUARIO\AppData\Local\Programs\Python\Python312\Lib\site-packages\storage3\types.py:254: PydanticDeprecatedSince20: `pydantic.config.Extra` is deprecated, use literal values instead (e.g. `extra='allow'`). Deprecated in Pydantic V2.0 to be removed in V3.0. See Pydantic V2 Migration Guide at https://errors.pydantic.dev/2.12/migration/
    class VectorBucket(BaseModel, extra=Extra.ignore):

..\..\..\AppData\Local\Programs\Python\Python312\Lib\site-packages\storage3\types.py:260
  C:\Users\USUARIO\AppData\Local\Programs\Python\Python312\Lib\site-packages\storage3\types.py:260: PydanticDeprecatedSince20: `pydantic.config.Extra` is deprecated, use literal values instead (e.g. `extra='allow'`). Deprecated in Pydantic V2.0 to be removed in V3.0. See Pydantic V2 Migration Guide at https://errors.pydantic.dev/2.12/migration/
    class GetVectorBucketResponse(BaseModel, extra=Extra.ignore):

..\..\..\AppData\Local\Programs\Python\Python312\Lib\site-packages\storage3\types.py:264
  C:\Users\USUARIO\AppData\Local\Programs\Python\Python312\Lib\site-packages\storage3\types.py:264: PydanticDeprecatedSince20: `pydantic.config.Extra` is deprecated, use literal values instead (e.g. `extra='allow'`). Deprecated in Pydantic V2.0 to be removed in V3.0. See Pydantic V2 Migration Guide at https://errors.pydantic.dev/2.12/migration/
    class ListVectorBucketsItem(BaseModel, extra=Extra.ignore):

..\..\..\AppData\Local\Programs\Python\Python312\Lib\site-packages\storage3\types.py:268
  C:\Users\USUARIO\AppData\Local\Programs\Python\Python312\Lib\site-packages\storage3\types.py:268: PydanticDeprecatedSince20: `pydantic.config.Extra` is deprecated, use literal values instead (e.g. `extra='allow'`). Deprecated in Pydantic V2.0 to be removed in V3.0. See Pydantic V2 Migration Guide at https://errors.pydantic.dev/2.12/migration/
    class ListVectorBucketsResponse(BaseModel, extra=Extra.ignore):

-- Docs: https://docs.pytest.org/en/stable/how-to/capture-warnings.html
=========================== short test summary info ===========================
FAILED tests/integration/test_orchestrator.py::test_orchestrator_modes - Syst...
================== 1 failed, 4 passed, 23 warnings in 5.60s ===================
